[36mvite v5.4.21 [32mbuilding for production...[36m[39m
transforming...
[32mÔ£ô[39m 8 modules transformed.
node.exe : [31mx[39m 
Build failed in 723ms
En C:\Program 
Files\nodejs\npx.ps1: 
29 Carácter: 3
+   & $NODE_EXE 
$NPX_CLI_JS $args
+   ~~~~~~~~~~~~~~~~~~~
~~~~~~~~~~
    + CategoryInfo     
         : NotSpecifi  
  ed: ([31mx[39m B   
 uild failed in 723    
ms:String) [], Rem    
oteException
    + FullyQualifiedEr 
   rorId : NativeComm  
  andError
 
[31merror during 
build:
[31m[vite:esbuild] 
Transform failed with 
1 error:
C:/Users/javie/Download
s/VTB_DEMO/frontend/src
/pages/VotingBooth.jsx:
804:0: ERROR: 
Unexpected "}"[31m
file: [36mC:/Users/jav
ie/Downloads/VTB_DEMO/f
rontend/src/pages/Votin
gBooth.jsx:804:0[31m
[33m
[33mUnexpected 
"}"[33m
802|      </div>
803|    );
804|  };
   |  ^
805|  
806|  // Error 
Boundary Component
[31m
    at 
failureErrorWithLog (C:
\Users\javie\Downloads\
VTB_DEMO\frontend\node_
modules\esbuild\lib\mai
n.js:1472:15)
    at C:\Users\javie\D
ownloads\VTB_DEMO\front
end\node_modules\esbuil
d\lib\main.js:755:50
    at responseCallback
s.<computed> (C:\Users\
javie\Downloads\VTB_DEM
O\frontend\node_modules
\esbuild\lib\main.js:62
2:9)
    at 
handleIncomingPacket (C
:\Users\javie\Downloads
\VTB_DEMO\frontend\node
_modules\esbuild\lib\ma
in.js:677:12)
    at 
Socket.readFromStdout (
C:\Users\javie\Download
s\VTB_DEMO\frontend\nod
e_modules\esbuild\lib\m
ain.js:600:7)
    at Socket.emit 
(node:events:518:28)
    at addChunk (node:i
nternal/streams/readabl
e:561:12)
    at readableAddChunk
PushByteMode (node:inte
rnal/streams/readable:5
12:3)
    at Readable.push (n
ode:internal/streams/re
adable:392:5)
    at 
Pipe.onStreamRead (node
:internal/stream_base_c
ommons:189:23)[39m
